Solution steps: ['W', 'W', 'W', 'W', 'S', 'W', 'W', 'N', 'N', 'E', 'N', 'N']
Solution cost: 49
Number of states considered: 26

Frontier:
Pos=(5, 3) Moves=['N', 'W', 'W', 'N'] Cost=19
Pos=(4, 2) Moves=['N', 'W', 'W', 'W'] Cost=19
Pos=(4, 0) Moves=['S', 'W', 'W', 'W'] Cost=186
Pos=(3, 1) Moves=['W', 'W', 'W', 'W'] Cost=20
Pos=(5, 4) Moves=['N', 'N', 'N', 'W', 'W'] Cost=21
Pos=(3, 1) Moves=['S', 'S', 'W', 'S', 'S', 'E', 'E', 'N'] Cost=29

Closed List:
Pos=(7, 1) Moves=[] Cost=0
Pos=(2, 4) Moves=[] Cost=0
Pos=(7, 2) Moves=['N'] Cost=9
Pos=(2, 3) Moves=['S'] Cost=1
Pos=(7, 0) Moves=['S'] Cost=13
Pos=(1, 4) Moves=['W'] Cost=1
Pos=(6, 1) Moves=['W'] Cost=14
Pos=(2, 2) Moves=['S', 'S'] Cost=2
Pos=(7, 3) Moves=['N', 'N'] Cost=17
Pos=(0, 4) Moves=['W', 'W'] Cost=2
Pos=(6, 2) Moves=['N', 'W'] Cost=14
Pos=(1, 2) Moves=['S', 'S', 'W'] Cost=3
Pos=(6, 0) Moves=['S', 'W'] Cost=15
Pos=(0, 3) Moves=['W', 'W', 'S'] Cost=3
Pos=(5, 1) Moves=['W', 'W'] Cost=17
Pos=(1, 1) Moves=['S', 'S', 'W', 'S'] Cost=4
Pos=(7, 4) Moves=['N', 'N', 'N'] Cost=19
Pos=(0, 2) Moves=['S', 'S', 'W', 'W'] Cost=4
Pos=(5, 2) Moves=['N', 'W', 'W'] Cost=17
Pos=(1, 0) Moves=['S', 'S', 'W', 'S', 'S'] Cost=5
Pos=(5, 0) Moves=['S', 'W', 'W'] Cost=41
Pos=(2, 0) Moves=['S', 'S', 'W', 'S', 'S', 'E'] Cost=22
Pos=(4, 1) Moves=['W', 'W', 'W'] Cost=18
Pos=(0, 0) Moves=['S', 'S', 'W', 'S', 'S', 'W'] Cost=6
Pos=(6, 4) Moves=['N', 'N', 'N', 'W'] Cost=20
Pos=(3, 0) Moves=['S', 'S', 'W', 'S', 'S', 'E', 'E'] Cost=27