Solution steps: ['E', 'E', 'E', 'N', 'E', 'N', 'N', 'N']
Solution cost: 30
Number of states considered: 9

Frontier:
Pos=(4, 1) Moves=['E', 'E', 'E', 'N', 'E'] Cost=27
Pos=(2, 4) Moves=['W', 'W'] Cost=4
Pos=(4, 1) Moves=['S', 'S', 'S'] Cost=3

Closed List:
Pos=(0, 0) Moves=[] Cost=0
Pos=(4, 4) Moves=[] Cost=0
Pos=(1, 0) Moves=['E'] Cost=1
Pos=(4, 3) Moves=['S'] Cost=1
Pos=(2, 0) Moves=['E', 'E'] Cost=18
Pos=(3, 4) Moves=['W'] Cost=2
Pos=(3, 0) Moves=['E', 'E', 'E'] Cost=23
Pos=(4, 2) Moves=['S', 'S'] Cost=2
Pos=(3, 1) Moves=['E', 'E', 'E', 'N'] Cost=25
