Solution steps: ['N', 'N', 'N', 'E', 'N', 'N', 'N', 'N', 'E', 'E', 'E', 'N', 'E', 'E', 'E', 'E', 'E']
Solution cost: 249
Number of states considered: 71

Frontier:
Pos=(2, 6) Moves=['N', 'N', 'N', 'E', 'N', 'N', 'N', 'E'] Cost=183
Pos=(3, 5) Moves=['N', 'N', 'N', 'E', 'N', 'N', 'E', 'E'] Cost=169
Pos=(4, 4) Moves=['N', 'N', 'N', 'E', 'E', 'E', 'E', 'N'] Cost=145
Pos=(5, 3) Moves=['N', 'N', 'N', 'E', 'E', 'E', 'E', 'E'] Cost=149
Pos=(6, 2) Moves=['N', 'N', 'E', 'E', 'E', 'E', 'E', 'E'] Cost=217
Pos=(6, 0) Moves=['N', 'E', 'E', 'E', 'E', 'E', 'E', 'S'] Cost=278
Pos=(1, 8) Moves=['N', 'N', 'N', 'E', 'N', 'N', 'N', 'N', 'N'] Cost=276
Pos=(2, 7) Moves=['N', 'N', 'N', 'E', 'N', 'N', 'N', 'N', 'E'] Cost=177
Pos=(9, 0) Moves=['S', 'S', 'S', 'S', 'S', 'S', 'S', 'S'] Cost=237
Pos=(8, 1) Moves=['S', 'S', 'S', 'S', 'W', 'S', 'S', 'S'] Cost=221
Pos=(7, 2) Moves=['S', 'S', 'S', 'S', 'W', 'W', 'S', 'S'] Cost=92
Pos=(6, 3) Moves=['S', 'S', 'S', 'W', 'W', 'W', 'S', 'S'] Cost=79
Pos=(5, 4) Moves=['W', 'W', 'W', 'W', 'S', 'S', 'S', 'S'] Cost=44
Pos=(4, 5) Moves=['W', 'W', 'W', 'W', 'W', 'S', 'S', 'S'] Cost=47
Pos=(3, 6) Moves=['W', 'W', 'W', 'W', 'W', 'S', 'W', 'S'] Cost=45
Pos=(2, 7) Moves=['W', 'W', 'W', 'W', 'W', 'S', 'W', 'W'] Cost=72

Closed List:
Pos=(0, 0) Moves=[] Cost=0
Pos=(9, 8) Moves=[] Cost=0
Pos=(0, 1) Moves=['N'] Cost=2
Pos=(9, 7) Moves=['S'] Cost=5
Pos=(1, 0) Moves=['E'] Cost=226
Pos=(8, 8) Moves=['W'] Cost=1
Pos=(0, 2) Moves=['N', 'N'] Cost=28
Pos=(9, 6) Moves=['S', 'S'] Cost=10
Pos=(1, 1) Moves=['N', 'E'] Cost=103
Pos=(8, 7) Moves=['W', 'S'] Cost=123
Pos=(2, 0) Moves=['E', 'E'] Cost=237
Pos=(7, 8) Moves=['W', 'W'] Cost=3
Pos=(0, 3) Moves=['N', 'N', 'N'] Cost=65
Pos=(9, 5) Moves=['S', 'S', 'S'] Cost=36
Pos=(1, 2) Moves=['N', 'N', 'E'] Cost=32
Pos=(8, 6) Moves=['W', 'S', 'S'] Cost=126
Pos=(2, 1) Moves=['N', 'E', 'E'] Cost=115
Pos=(7, 7) Moves=['W', 'S', 'W'] Cost=124
Pos=(3, 0) Moves=['E', 'E', 'E'] Cost=239
Pos=(6, 8) Moves=['W', 'W', 'W'] Cost=4
Pos=(0, 4) Moves=['N', 'N', 'N', 'N'] Cost=147
Pos=(9, 4) Moves=['S', 'S', 'S', 'S'] Cost=43
Pos=(1, 3) Moves=['N', 'N', 'N', 'E'] Cost=91
Pos=(8, 5) Moves=['S', 'S', 'S', 'W'] Cost=46
Pos=(2, 2) Moves=['N', 'N', 'E', 'E'] Cost=38
Pos=(7, 6) Moves=['W', 'S', 'S', 'W'] Cost=130
Pos=(3, 1) Moves=['N', 'E', 'E', 'E'] Cost=132
Pos=(6, 7) Moves=['W', 'W', 'W', 'S'] Cost=86
Pos=(4, 0) Moves=['E', 'E', 'E', 'E'] Cost=289
Pos=(5, 8) Moves=['W', 'W', 'W', 'W'] Cost=14
Pos=(0, 5) Moves=['N', 'N', 'N', 'N', 'N'] Cost=248
Pos=(9, 3) Moves=['S', 'S', 'S', 'S', 'S'] Cost=48
Pos=(1, 4) Moves=['N', 'N', 'N', 'E', 'N'] Cost=156
Pos=(8, 4) Moves=['S', 'S', 'S', 'S', 'W'] Cost=44
Pos=(2, 3) Moves=['N', 'N', 'N', 'E', 'E'] Cost=96
Pos=(7, 5) Moves=['S', 'S', 'S', 'W', 'W'] Cost=48
Pos=(3, 2) Moves=['N', 'N', 'E', 'E', 'E'] Cost=40
Pos=(6, 6) Moves=['W', 'W', 'W', 'S', 'S'] Cost=93
Pos=(4, 1) Moves=['N', 'E', 'E', 'E', 'E'] Cost=134
Pos=(5, 7) Moves=['W', 'W', 'W', 'W', 'S'] Cost=19
Pos=(5, 0) Moves=['E', 'E', 'E', 'E', 'E'] Cost=297
Pos=(4, 8) Moves=['W', 'W', 'W', 'W', 'W'] Cost=15
Pos=(0, 6) Moves=['N', 'N', 'N', 'N', 'N', 'N'] Cost=255
Pos=(9, 2) Moves=['S', 'S', 'S', 'S', 'S', 'S'] Cost=218
Pos=(1, 5) Moves=['N', 'N', 'N', 'E', 'N', 'N'] Cost=161
Pos=(8, 3) Moves=['S', 'S', 'S', 'S', 'W', 'S'] Cost=94
Pos=(2, 4) Moves=['N', 'N', 'N', 'E', 'N', 'E'] Cost=173
Pos=(7, 4) Moves=['S', 'S', 'S', 'S', 'W', 'W'] Cost=49
Pos=(3, 3) Moves=['N', 'N', 'N', 'E', 'E', 'E'] Cost=99
Pos=(6, 5) Moves=['S', 'S', 'S', 'W', 'W', 'W'] Cost=55
Pos=(4, 2) Moves=['N', 'N', 'E', 'E', 'E', 'E'] Cost=45
Pos=(5, 6) Moves=['W', 'W', 'W', 'W', 'S', 'S'] Cost=32
Pos=(5, 1) Moves=['N', 'E', 'E', 'E', 'E', 'E'] Cost=140
Pos=(4, 7) Moves=['W', 'W', 'W', 'W', 'W', 'S'] Cost=33
Pos=(0, 7) Moves=['N', 'N', 'N', 'N', 'N', 'N', 'N'] Cost=263
Pos=(3, 8) Moves=['W', 'W', 'W', 'W', 'W', 'W'] Cost=23
Pos=(1, 6) Moves=['N', 'N', 'N', 'E', 'N', 'N', 'N'] Cost=170
Pos=(9, 1) Moves=['S', 'S', 'S', 'S', 'S', 'S', 'S'] Cost=220
Pos=(2, 5) Moves=['N', 'N', 'N', 'E', 'N', 'N', 'E'] Cost=167
Pos=(8, 2) Moves=['S', 'S', 'S', 'S', 'W', 'S', 'S'] Cost=99
Pos=(3, 4) Moves=['N', 'N', 'N', 'E', 'E', 'E', 'N'] Cost=181
Pos=(7, 3) Moves=['S', 'S', 'S', 'S', 'W', 'W', 'S'] Cost=75
Pos=(4, 3) Moves=['N', 'N', 'N', 'E', 'E', 'E', 'E'] Cost=136
Pos=(6, 4) Moves=['S', 'S', 'S', 'W', 'W', 'W', 'S'] Cost=65
Pos=(5, 2) Moves=['N', 'N', 'E', 'E', 'E', 'E', 'E'] Cost=215
Pos=(5, 5) Moves=['W', 'W', 'W', 'W', 'S', 'S', 'S'] Cost=37
Pos=(6, 1) Moves=['N', 'E', 'E', 'E', 'E', 'E', 'E'] Cost=241
Pos=(4, 6) Moves=['W', 'W', 'W', 'W', 'W', 'S', 'S'] Cost=42
Pos=(0, 8) Moves=['N', 'N', 'N', 'N', 'N', 'N', 'N', 'N'] Cost=273
Pos=(3, 7) Moves=['W', 'W', 'W', 'W', 'W', 'S', 'W'] Cost=35
Pos=(1, 7) Moves=['N', 'N', 'N', 'E', 'N', 'N', 'N', 'N'] Cost=175